Fri Aug 10 14:41:52 BST 2012
gfortran
;Model Desc: MK-0634 PopPK Base Model, 2-compartment, with exponential IIV on CL and V2
;Project Name: MK-0634 Population PK Analysis
;Project ID: NO PROJECT DESCRIPTION
$PROBLEM    RUN# base_run1
$INPUT      ID PERD PROT TIME AMT DV EVID MDV ADDL II FED AGE SEXF WT
            HT=DROP RACE=DROP BMI BSA CRCL DOSE
$DATA       simu_rich_2.csv IGNORE=@
$SUBROUTINE ADVAN4 TRANS4
$OMEGA  DIAGONAL(5)
 0.0307898  ; [P] INTERIND VAR IN CL
 1.34444E-08  ; [P] INTERIND VAR IN V2
 0.0358721  ; [P] INTERIND VAR IN KA
 0  FIX  ; [P] INTERIND VAR IN Q
 0  FIX  ; [P] INTERIND VAR IN V3
$PK

;;; CLBMI-DEFINITION START
CLBMI = ( 1 + THETA(14)*(BMI - 26.73))
;;; CLBMI-DEFINITION END


;;; V2WT-DEFINITION START
V2WT = ( 1 + THETA(13)*(WT - 75.39))
;;; V2WT-DEFINITION END


;;; V2SEXF-DEFINITION START
IF(SEXF.EQ.1) V2SEXF = 1  ; Most common
IF(SEXF.EQ.0) V2SEXF = ( 1 + THETA(12))
;;; V2SEXF-DEFINITION END


;;; V2BMI-DEFINITION START
V2BMI = ( 1 + THETA(11)*(BMI - 26.73))
;;; V2BMI-DEFINITION END

;;; V2-RELATION START
V2COV=V2BMI*V2SEXF*V2WT
;;; V2-RELATION END


;;; CLSEXF-DEFINITION START
IF(SEXF.EQ.1) CLSEXF = 1  ; Most common
IF(SEXF.EQ.0) CLSEXF = ( 1 + THETA(10))
;;; CLSEXF-DEFINITION END


;;; CLCRCL-DEFINITION START
CLCRCL = ( 1 + THETA(9)*(CRCL - 60.23))
;;; CLCRCL-DEFINITION END


;;; CLBSA-DEFINITION START
CLBSA = ( 1 + THETA(8)*(BSA - 1.85))
;;; CLBSA-DEFINITION END


;;; CLAGE-DEFINITION START
CLAGE = ( 1 + THETA(7)*(AGE - 54.00))
;;; CLAGE-DEFINITION END

;;; CL-RELATION START
CLCOV=CLAGE*CLBSA*CLCRCL*CLSEXF*CLBMI
;;; CL-RELATION END


; Insert stratification variable (STRT) variable for VPC
; Typically stratify on dose, dosing regimen, protocol, ....
; For no stratification, set STRT=Constant
  STRT=PROT*1000+DOSE

  TVCL=EXP(THETA(1))  

TVCL = CLCOV*TVCL
  MU_1=LOG(TVCL)
  CL=EXP(MU_1+ETA(1))
  
  TVV2=EXP(THETA(2))

TVV2 = V2COV*TVV2
  MU_2=LOG(TVV2)
  V2=EXP(MU_2+ETA(2))

  TVKA=THETA(3)
  MU_3=LOG(TVKA)
  KA=EXP(MU_3+ETA(3))
  
  TVF1=THETA(4)
  F1=TVF1

  TVQ=EXP(THETA(5))
  MU_4=LOG(TVQ)
  Q=EXP(MU_4+ETA(4))
  
  TVV3=EXP(THETA(6))
  MU_5=LOG(TVV3)
  V3=EXP(MU_5+ETA(5))
  
  S2=V2*624.709/1E6

$ERROR

  IPRED=F
  IRES=DV-IPRED

  DEL=0
  IF (F.EQ.0) DEL=10
  W=F
  IWRES=IRES/(W+DEL)
  Y=F*(1+ERR(1)) 

$THETA  5.93491 ; 1 [CL]
 7.05455 ; 2 [V2]
 (0,0.219374) ; 3 [KA]
 1 FIX ; 4 [F1]
 5.85916 ; 5[Q]
 9.33379 ; 6 [V3]
$THETA  (-0.055,0.00522244,0.029) ; CLAGE1
$THETA  (-2.941,0.720594,4.166) ; CLBSA1
$THETA  (-0.012,-0.00326207,0.028) ; CLCRCL1
$THETA  (-1,0.473169,5) ; CLSEXF1
$THETA  (-0.166,0.0484823,0.185) ; V2BMI1
$THETA  (-1,1.19216,5) ; V2SEXF1
$THETA  (-0.041,-0.0281465,0.074) ; V2WT1
$THETA  (-0.166,-0.000166,0.185) ; CLBMI1
$SIGMA  0.121005  ; [P] Variance for proportional error
$ESTIMATION METHOD=1 INTERACTION PRINT=1 NOABORT MAXEVAL=9999
;$COV PRINT=E

;Tables for Xpose Diagnostic Plots

;Standard Table file containing ID, IDV, DV, PRED, IPRED,

; STRT, WRES, IWRES, RES, IRES, etc.
$TABLE      ID TIME IPRED EVID MDV CWRES IWRES STRT NOPRINT ONEHEADER
            FILE=CLBMI2.mod.sdtab1
;Parameter table containing model parameters - THETAS, ETAS, EPS
$TABLE      ID CL V2 KA F1 Q V3 ETA1 ETA2 ETA3 ETA4 NOPRINT ONEHEADER
            FILE=CLBMI2.mod.patab1
;Continuous Covariate table - WT, AGE,...

;$TABLE ID WT HT AGE BMI BSA CRCL NOPRINT ONEHEADER FILE=cotab1

;Categorical covariate table - SEX, RACE,.....

;$TABLE ID PROT SEXF RACE FED NOPRINT ONEHEADER FILE=catab1

 
 
  
 WARNINGS AND ERRORS (IF ANY) FOR PROBLEM    1
             
 (WARNING  2) NM-TRAN INFERS THAT THE DATA ARE POPULATION.
 CREATING MUMODEL ROUTINE...
 
 
License Registered to: Mango Business Solutions Ltd.
Expiration Date:    14 OCT 2012
Current Date:       10 AUG 2012
Days until program expires :  64
1NONLINEAR MIXED EFFECTS MODEL PROGRAM (NONMEM) VERSION 7.1.0
 ORIGINALLY DEVELOPED BY STUART BEAL, LEWIS SHEINER, AND ALISON BOECKMANN
 CURRENT DEVELOPERS ARE ROBERT BAUER, ICON DEVELOPMENT SOLUTIONS,
 AND ALISON BOECKMANN. IMPLEMENTATION, EFFICIENCY, AND STANDARDIZATION
 PERFORMED BY NOUS INFOSYSTEMS.
 
 PROBLEM NO.:         1
 RUN# base_run1                                                          
0DATA CHECKOUT RUN:              NO 
 DATA SET LOCATED ON UNIT NO.:    2
 THIS UNIT TO BE REWOUND:        NO 
 NO. OF DATA RECS IN DATA SET:      856
 NO. OF DATA ITEMS IN DATA SET:  18
 ID DATA ITEM IS DATA ITEM NO.:   1
 DEP VARIABLE IS DATA ITEM NO.:   6
 MDV DATA ITEM IS DATA ITEM NO.:  8
0INDICES PASSED TO SUBROUTINE PRED:
  7  4  5  0  0 10  0  0  0
  0  9
 0LABELS FOR DATA ITEMS:
  ID PERD PROT TIME AMT DV EVID MDV ADDL II FED AGE SEXF WT BMI BSA CRCL DOSE
0(NONBLANK) LABELS FOR PRED-DEFINED ITEMS:
 STRT    CL      V2      KA      F1      Q       V3      IPRE    IWRE
0FORMAT FOR DATA:
 (E5.0,2E2.0,2E4.0,E7.0,3E2.0,E3.0,E2.0,E3.0,E2.0,2E6.0,3E7.0)                   
 
 TOT. NO. OF OBS RECS:      767
 TOT. NO. OF INDIVIDUALS:     22
0LENGTH OF THETA: 14
0DEFAULT THETA BOUNDARY TEST OMITTED:    NO 
0OMEGA HAS BLOCK FORM:
  1
  0  2
  0  0  3
  0  0  0  4
  0  0  0  0  5
0DEFAULT OMEGA BOUNDARY TEST OMITTED:    NO 
0SIGMA HAS SIMPLE DIAGONAL FORM WITH DIMENSION:  1
0DEFAULT SIGMA BOUNDARY TEST OMITTED:    NO 
0INITIAL ESTIMATE OF THETA:
 LOWER BOUND    INITIAL EST    UPPER BOUND
 -0.1000E+07     0.5935E+01     0.1000E+07
 -0.1000E+07     0.7055E+01     0.1000E+07
  0.0000E+00     0.2194E+00     0.1000E+07
  0.1000E+01     0.1000E+01     0.1000E+01
 -0.1000E+07     0.5859E+01     0.1000E+07
 -0.1000E+07     0.9334E+01     0.1000E+07
 -0.5500E-01     0.5222E-02     0.2900E-01
 -0.2941E+01     0.7206E+00     0.4166E+01
 -0.1200E-01    -0.3262E-02     0.2800E-01
 -0.1000E+01     0.4732E+00     0.5000E+01
 -0.1660E+00     0.4848E-01     0.1850E+00
 -0.1000E+01     0.1192E+01     0.5000E+01
 -0.4100E-01    -0.2815E-01     0.7400E-01
 -0.1660E+00    -0.1660E-03     0.1850E+00
0INITIAL ESTIMATE OF OMEGA:
 BLOCK SET NO.   BLOCK                                                                    FIXED
        1                                                                                   NO 
                  0.3079E-01
        2                                                                                   NO 
                  0.1344E-07
        3                                                                                   NO 
                  0.3587E-01
        4                                                                                  YES 
                  0.0000E+00
        5                                                                                  YES 
                  0.0000E+00
0INITIAL ESTIMATE OF SIGMA:
 0.1210E+00
0ESTIMATION STEP OMITTED:           NO 
 CONDITIONAL ESTIMATES USED:       YES 
 CENTERED ETA:                      NO 
 EPS-ETA INTERACTION:              YES 
 LAPLACIAN OBJ. FUNC.:              NO 
 NO. OF FUNCT. EVALS. ALLOWED:       9999
 NO. OF SIG. FIGURES REQUIRED:       3
 INTERMEDIATE PRINTOUT:            YES 
 ESTIMATE OUTPUT TO MSF:            NO 
 ABORT WITH PRED EXIT CODE 1:       NO 
 IND. OBJ. FUNC. VALUES SORTED:     NO 
0TABLES STEP OMITTED:    NO 
 NO. OF TABLES:           2
0-- TABLE  1 --
 PRINTED:                NO 
 HEADER:                YES 
 FILE TO BE FORWARDED:   NO 
 0USER-CHOSEN ITEMS:
  ID TIME IPRED EVID MDV CWRES IWRES STRT
0-- TABLE  2 --
 PRINTED:                NO 
 HEADER:                YES 
 FILE TO BE FORWARDED:   NO 
 0USER-CHOSEN ITEMS:
  ID CL V2 KA F1 Q V3 ETA1 ETA2 ETA3 ETA4

 THE FOLLOWING LABELS ARE EQUIVALENT
 PRED=PREDI
 RES=RESI
 WRES=WRESI
1DOUBLE PRECISION PREDPP VERSION 7.1.0
 
 TWO COMPARTMENT MODEL WITH FIRST-ORDER ABSORPTION (ADVAN4)
0MAXIMUM NO. OF BASIC PK PARAMETERS:   5
0BASIC PK PARAMETERS (AFTER TRANSLATION):
   BASIC PK PARAMETER NO.  1: ELIMINATION RATE (K)
   BASIC PK PARAMETER NO.  2: CENTRAL-TO-PERIPH. RATE (K23)
   BASIC PK PARAMETER NO.  3: PERIPH.-TO-CENTRAL RATE (K32)
   BASIC PK PARAMETER NO.  5: ABSORPTION RATE (KA)
 TRANSLATOR WILL CONVERT PARAMETERS 
 CL, V2, Q, V3 TO K, K23, K32 (TRANS4)
0COMPARTMENT ATTRIBUTES 
 COMPT. NO.   FUNCTION   INITIAL    ON/OFF      DOSE      DEFAULT    DEFAULT
                         STATUS     ALLOWED    ALLOWED    FOR DOSE   FOR OBS.
    1         DEPOT        OFF        YES        YES        YES        NO 
    2         CENTRAL      ON         NO         YES        NO         YES
    3         PERIPH.      ON         NO         YES        NO         NO 
    4         OUTPUT       OFF        YES        NO         NO         NO 
1
 ADDITIONAL PK PARAMETERS - ASSIGNMENT OF ROWS IN GG
 COMPT. NO.                             INDICES
              SCALE      BIOAVAIL.   ZERO-ORDER  ZERO-ORDER  ABSORB
                         FRACTION    RATE        DURATION    LAG  
    1           *           6           *           *           *
    2           7           *           *           *           *
    3           *           *           *           *           *
    4           *           -           -           -           -
             - PARAMETER IS NOT ALLOWED FOR THIS MODEL
             * PARAMETER IS NOT SUPPLIED BY PK SUBROUTINE;
               WILL DEFAULT TO ONE IF APPLICABLE
0DATA ITEM INDICES USED BY PRED ARE:
   EVENT ID DATA ITEM IS DATA ITEM NO.:      7
   TIME DATA ITEM IS DATA ITEM NO.:          4
   DOSE AMOUNT DATA ITEM IS DATA ITEM NO.:   5
   INTERVAL DATA ITEM IS DATA ITEM NO.:     10
   ADDL. DOSES DATA ITEM IS DATA ITEM NO.:   9
 
0PK SUBROUTINE CALLED WITH EVERY EVENT RECORD.
 PK SUBROUTINE NOT CALLED AT NONEVENT (ADDITIONAL OR LAGGED) DOSE TIMES.
0ERROR SUBROUTINE CALLED WITH EVERY EVENT RECORD.
1


 #METH: First Order Conditional Estimation with Interaction
 MONITORING OF SEARCH:

0ITERATION NO.:    0    OBJECTIVE VALUE:   3745.33613252062        NO. OF FUNC. EVALS.:16
 CUMULATIVE NO. OF FUNC. EVALS.:       16
 PARAMETER:  1.0000E-01  1.0000E-01  1.0000E-01  1.0000E-01  1.0000E-01  1.0000E-01  1.0000E-01  1.0000E-01  1.0000E-01  1.0000E-01
             1.0000E-01  1.0000E-01  1.0000E-01  1.0000E-01  1.0000E-01  1.0000E-01  1.0000E-01
 GRADIENT:   4.7239E+03  3.2673E+02  1.5484E-01  4.4249E+02  2.2819E+03  5.4747E-02  1.0904E-01  3.3279E-01  6.8112E-01  1.3751E-02
             2.5183E-02  5.3433E-03  1.0581E-01 -4.4588E-03  2.5406E-06  5.4552E-04  1.5998E-01
0ITERATION NO.:    1    OBJECTIVE VALUE:   3745.33613252062        NO. OF FUNC. EVALS.:37
 CUMULATIVE NO. OF FUNC. EVALS.:       53
 PARAMETER:  1.0000E-01  1.0000E-01  1.0000E-01  1.0000E-01  1.0000E-01  1.0000E-01  1.0000E-01  1.0000E-01  1.0000E-01  1.0000E-01
             1.0000E-01  1.0000E-01  1.0000E-01  1.0000E-01  1.0000E-01  1.0000E-01  1.0000E-01
 GRADIENT:  -5.5768E+00  1.6789E-02 -1.3186E-02 -8.0050E-01  1.3792E+00 -1.3319E-01  2.9325E-03  5.6406E-02  1.1018E-01  6.2535E-03
             5.6985E-03  2.5095E-03 -1.9863E-02 -4.4588E-03  2.5406E-06  5.4552E-04  6.5778E-03
0ITERATION NO.:    2    OBJECTIVE VALUE:   3745.33573967171        NO. OF FUNC. EVALS.:58
 CUMULATIVE NO. OF FUNC. EVALS.:      111             RESET HESSIAN, TYPE I
 PARAMETER:  1.0001E-01  1.0000E-01  1.0002E-01  1.0000E-01  9.9999E-02  1.0189E-01  9.9972E-02  9.9435E-02  9.9430E-02  9.9729E-02
             9.9938E-02  9.9846E-02  1.0030E-01  1.0006E-01  1.0269E-01  9.9989E-02  9.9997E-02
 GRADIENT:   4.7473E+03  3.2506E+02  1.4798E-01  4.4690E+02  2.2534E+03  4.2706E-01 -1.5100E-01  1.6354E-02  3.3739E-01  5.1413E-04
             2.3366E-02 -2.0100E-03  3.5990E-01  3.2687E-03  2.5545E-06  4.6453E-04  1.3996E-01
0ITERATION NO.:    3    OBJECTIVE VALUE:   3745.33573967171        NO. OF FUNC. EVALS.:29
 CUMULATIVE NO. OF FUNC. EVALS.:      140
 PARAMETER:  1.0001E-01  1.0000E-01  1.0002E-01  1.0000E-01  9.9999E-02  1.0189E-01  9.9972E-02  9.9435E-02  9.9430E-02  9.9729E-02
             9.9938E-02  9.9846E-02  1.0030E-01  1.0006E-01  1.0269E-01  9.9989E-02  9.9997E-02
 GRADIENT:   1.6397E+01 -1.6744E+00 -2.0063E-02  3.5854E+00 -2.8196E+01  2.3556E-01 -2.5712E-01 -2.6003E-01 -2.3369E-01 -6.9833E-03
             3.8808E-03 -4.8425E-03  2.3383E-01  3.2687E-03  2.5545E-06  4.6453E-04 -1.3439E-02
0ITERATION NO.:    4    OBJECTIVE VALUE:   3745.33544376831        NO. OF FUNC. EVALS.:31
 CUMULATIVE NO. OF FUNC. EVALS.:      171
 PARAMETER:  1.0001E-01  1.0000E-01  1.0002E-01  1.0000E-01  9.9999E-02  1.0112E-01  1.0053E-01  1.0007E-01  9.9728E-02  9.9810E-02
             9.9922E-02  9.9935E-02  9.9378E-02  1.0005E-01  1.0267E-01  9.9986E-02  9.9999E-02
 GRADIENT:   3.6256E+01 -7.9679E-01 -7.6288E-03 -7.2145E-01 -2.5438E+01 -1.1490E-01 -4.9486E-02  1.1048E-01  2.6633E-01  2.7253E-05
             3.3648E-03 -1.6292E-03  3.3545E-02  2.0269E-03  2.5543E-06  6.0188E-05 -7.2114E-02
0ITERATION NO.:    5    OBJECTIVE VALUE:   3745.33530463482        NO. OF FUNC. EVALS.:31
 CUMULATIVE NO. OF FUNC. EVALS.:      202
 PARAMETER:  1.0001E-01  1.0000E-01  1.0003E-01  1.0000E-01  1.0000E-01  1.0144E-01  1.0118E-01  9.9922E-02  9.9190E-02  9.9867E-02
             9.9878E-02  1.0007E-01  9.8438E-02  1.0003E-01  1.0261E-01  9.9983E-02  1.0001E-01
 GRADIENT:   1.0805E+01  1.8983E+00 -1.5160E-02 -5.2062E+00  6.0619E+00 -6.0401E-02 -7.0852E-02  4.7191E-03  8.0718E-02  1.7192E-03
             1.8977E-02  5.1644E-03 -1.7901E-02 -3.2423E-03  2.5537E-06  8.0588E-04 -1.0273E-02
0ITERATION NO.:    6    OBJECTIVE VALUE:   3745.33524237402        NO. OF FUNC. EVALS.:31
 CUMULATIVE NO. OF FUNC. EVALS.:      233
 PARAMETER:  1.0001E-01  1.0000E-01  1.0005E-01  1.0000E-01  1.0000E-01  1.0199E-01  1.0211E-01  1.0012E-01  9.8837E-02  9.9823E-02
             9.9522E-02  9.9722E-02  9.8276E-02  1.0007E-01  1.0252E-01  9.9963E-02  1.0002E-01
 GRADIENT:  -2.7399E+00 -4.2557E+00  6.1020E-02  2.4915E+00  9.9314E-01 -2.1070E-02 -2.7053E-02 -1.4899E-02 -8.8432E-03  5.2086E-03
            -3.4244E-02 -1.6421E-02  1.5854E-02 -7.4129E-04  2.5537E-06  1.2672E-03  4.8768E-02
0ITERATION NO.:    7    OBJECTIVE VALUE:   3745.33522840402        NO. OF FUNC. EVALS.:31
 CUMULATIVE NO. OF FUNC. EVALS.:      264
 PARAMETER:  1.0001E-01  1.0000E-01  1.0001E-01  1.0000E-01  1.0000E-01  1.0253E-01  1.0276E-01  1.0031E-01  9.8681E-02  9.9612E-02
             9.9785E-02  1.0044E-01  9.8066E-02  1.0009E-01  1.0241E-01  9.9929E-02  1.0001E-01
 GRADIENT:  -1.0267E+01  4.7183E+00 -8.5022E-02  1.8370E+00  6.0818E+00 -2.9589E-03  6.3179E-03 -1.5146E-02 -4.9699E-02 -5.8106E-03
             3.7212E-02  9.7425E-03  3.1592E-02 -2.4649E-04  2.5525E-06 -2.6421E-03  1.5910E-02
0ITERATION NO.:    8    OBJECTIVE VALUE:   3745.33518034082        NO. OF FUNC. EVALS.:32
 CUMULATIVE NO. OF FUNC. EVALS.:      296
 PARAMETER:  1.0001E-01  1.0000E-01  1.0007E-01  1.0000E-01  1.0000E-01  1.0296E-01  1.0276E-01  1.0035E-01  9.8811E-02  9.9737E-02
             9.9462E-02  1.0040E-01  9.7501E-02  1.0010E-01  1.0228E-01  9.9976E-02  9.9995E-02
 GRADIENT:  -8.2534E+00 -3.7838E+00  6.1230E-02  1.9625E+00 -1.0010E+00 -1.8224E-02 -6.1755E-03 -8.0784E-03 -2.4350E-02  1.2918E-02
            -2.4976E-02 -2.1864E-03 -1.0262E-02  1.0337E-03  2.5525E-06 -2.4736E-03  1.6289E-02
0ITERATION NO.:    9    OBJECTIVE VALUE:   3745.33515393902        NO. OF FUNC. EVALS.:31
 CUMULATIVE NO. OF FUNC. EVALS.:      327
 PARAMETER:  1.0001E-01  1.0000E-01  1.0004E-01  1.0000E-01  1.0000E-01  1.0372E-01  1.0295E-01  1.0050E-01  9.9061E-02  9.8867E-02
             9.9568E-02  9.9916E-02  9.7239E-02  1.0008E-01  1.0203E-01  1.0015E-01  9.9983E-02
 GRADIENT:  -4.4095E+00 -8.1170E-02 -1.3724E-02 -1.4734E+00  3.8674E-01 -1.0519E-02 -1.4293E-03  7.0885E-03 -2.9148E-03 -3.1563E-02
             6.4220E-03 -2.0375E-02 -1.8416E-03 -7.2182E-04  2.5527E-06  1.0204E-02 -3.0069E-02
0ITERATION NO.:   10    OBJECTIVE VALUE:   3745.33513131995        NO. OF FUNC. EVALS.:31
 CUMULATIVE NO. OF FUNC. EVALS.:      358
 PARAMETER:  1.0001E-01  1.0000E-01  1.0003E-01  1.0000E-01  1.0000E-01  1.0417E-01  1.0315E-01  1.0055E-01  9.9169E-02  9.9682E-02
             9.9525E-02  1.0092E-01  9.7210E-02  1.0008E-01  1.0185E-01  1.0002E-01  9.9989E-02
 GRADIENT:  -3.7916E+00  8.3905E-01 -1.0068E-02 -2.2866E+00 -5.7398E+00  5.3281E-03  3.1206E-03  6.7099E-03 -8.9558E-03  1.2885E-02
             1.0704E-02  1.5101E-02  1.5664E-02 -1.0474E-04  2.5501E-06 -4.0072E-03  2.8229E-04
0ITERATION NO.:   11    OBJECTIVE VALUE:   3745.33512972450        NO. OF FUNC. EVALS.:31
 CUMULATIVE NO. OF FUNC. EVALS.:      389
 PARAMETER:  1.0001E-01  1.0000E-01  1.0003E-01  1.0000E-01  1.0000E-01  1.0409E-01  1.0311E-01  1.0049E-01  9.9175E-02  9.9449E-02
             9.9482E-02  1.0053E-01  9.7088E-02  1.0008E-01  1.0181E-01  1.0004E-01  9.9988E-02
 GRADIENT:  -4.5780E+00 -3.7295E-01 -2.4566E-03 -6.1904E-01 -5.5029E+00 -1.9392E-03 -1.7158E-03  3.7164E-03 -7.8371E-03  6.2206E-04
             5.0812E-04  7.4922E-04 -8.8368E-04 -1.8401E-04  2.5504E-06  2.2122E-05 -2.9312E-03
0ITERATION NO.:   12    OBJECTIVE VALUE:   3745.33512972450        NO. OF FUNC. EVALS.:36
 CUMULATIVE NO. OF FUNC. EVALS.:      425
 PARAMETER:  1.0001E-01  1.0000E-01  1.0003E-01  1.0000E-01  1.0000E-01  1.0409E-01  1.0311E-01  1.0049E-01  9.9175E-02  9.9449E-02
             9.9482E-02  1.0053E-01  9.7088E-02  1.0008E-01  1.0181E-01  1.0004E-01  9.9988E-02
 GRADIENT:  -5.7034E+01 -2.1534E+00 -2.5470E-03  1.0026E+00  2.0924E+01 -1.9030E-03 -1.7365E-03  3.6410E-03 -7.9121E-03  6.9041E-04
             5.2252E-04  8.1290E-04 -9.3500E-04 -1.7397E-04  2.7714E-05 -1.3353E-05 -2.8842E-03
 Elapsed estimation time in seconds:    11.94

 #TERM:
0MINIMIZATION SUCCESSFUL
 HOWEVER, PROBLEMS OCCURRED WITH THE MINIMIZATION.
 REGARD THE RESULTS OF THE ESTIMATION STEP CAREFULLY, AND ACCEPT THEM ONLY
 AFTER CHECKING THAT THE COVARIANCE STEP PRODUCES REASONABLE OUTPUT.
 NO. OF FUNCTION EVALUATIONS USED:      425
 NO. OF SIG. DIGITS IN FINAL EST.:  3.3

 ETABAR IS THE ARITHMETIC MEAN OF THE ETA-ESTIMATES,
 AND THE P-VALUE IS GIVEN FOR THE NULL HYPOTHESIS THAT THE TRUE MEAN IS 0.

 ETABAR:         1.6826E-03 -1.0384E-09 -6.6079E-04  0.0000E+00  0.0000E+00
 SE:             3.5922E-02  7.0624E-09  3.2569E-02  0.0000E+00  0.0000E+00

 P VAL.:         9.6264E-01  8.8310E-01  9.8381E-01  1.0000E+00  1.0000E+00

 ETAshrink(%):   1.7276E+00  9.9971E+01  1.7449E+01  1.0000E+02  1.0000E+02
 EPSshrink(%):   1.7494E+00

 #TERE:
1
 
 
 
 
 
 
 
 
 
 
 
 
 
 
 
 
 
 
 
 
 ************************************************************************************************************************
 ********************                                                                                ********************
 ********************               FIRST ORDER CONDITIONAL ESTIMATION WITH INTERACTION              ********************
 #OBJT:**************                       MINIMUM VALUE OF OBJECTIVE FUNCTION                      ********************
 ********************                                                                                ********************
 ************************************************************************************************************************
 





 #OBJV:********************************************     3745.335       **************************************************
1
 ************************************************************************************************************************
 ********************                                                                                ********************
 ********************               FIRST ORDER CONDITIONAL ESTIMATION WITH INTERACTION              ********************
 ********************                             FINAL PARAMETER ESTIMATE                           ********************
 ********************                                                                                ********************
 ************************************************************************************************************************
 


 THETA - VECTOR OF FIXED EFFECTS PARAMETERS   *********


         TH 1      TH 2      TH 3      TH 4      TH 5      TH 6      TH 7      TH 8      TH 9      TH10      TH11      TH12     
          TH13      TH14     
 
         5.94E+00  7.05E+00  2.19E-01  1.00E+00  5.86E+00  9.33E+00  5.29E-03  7.26E-01 -3.26E-03  4.72E-01  4.84E-02  1.19E+00
         -2.81E-02 -4.21E-04
 


 OMEGA - COV MATRIX FOR RANDOM EFFECTS - ETAS  ********


            ETA1      ETA2      ETA3      ETA4      ETA5
 
 ETA1
+        3.08E-02
 
 ETA2
+        0.00E+00  1.35E-08
 
 ETA3
+        0.00E+00  0.00E+00  3.59E-02
 
 ETA4
+        0.00E+00  0.00E+00  0.00E+00  0.00E+00
 
 ETA5
+        0.00E+00  0.00E+00  0.00E+00  0.00E+00  0.00E+00
 


 SIGMA - COV MATRIX FOR RANDOM EFFECTS - EPSILONS  ****


            EPS1
 
 EPS1
+        1.21E-01
 
Fri Aug 10 14:42:05 BST 2012
This file was created using /usr/global/NONMEM7/run/nmfe7
Started  Fri Aug 10 14:41:51 2012
Finished Fri Aug 10 14:42:05 2012
