Tue Aug 21 16:07:50 BST 2012
gfortran
;Model Desc: MK-0634 PopPK Base Model, 2-compartment, with exponential IIV on CL and V2
;Project Name: MK-0634 Population PK Analysis
;Project ID: NO PROJECT DESCRIPTION
$PROBLEM    RUN# base_run1
$INPUT      ID PERD PROT TIME AMT DV EVID MDV ADDL II FED AGE SEXF WT
            HT RACE BMI BSA CRCL DOSE
$DATA       ../../m1/bs_pr1_3.dta IGNORE=@
$SUBROUTINE ADVAN4 TRANS4
$OMEGA  DIAGONAL(5)
 0.0403288  ; [P] INTERIND VAR IN CL
 6E-06  ; [P] INTERIND VAR IN V2
 0.0646326  ; [P] INTERIND VAR IN KA
 0  FIX  ; [P] INTERIND VAR IN Q
 0  FIX  ; [P] INTERIND VAR IN V3
$PK

; Insert stratification variable (STRT) variable for VPC
; Typically stratify on dose, dosing regimen, protocol, ....
; For no stratification, set STRT=Constant
  STRT=PROT*1000+DOSE

  TVCL=EXP(THETA(1))  
  MU_1=LOG(TVCL)
  CL=EXP(MU_1+ETA(1))
  
  TVV2=EXP(THETA(2))
  MU_2=LOG(TVV2)
  V2=EXP(MU_2+ETA(2))

  TVKA=THETA(3)
  MU_3=LOG(TVKA)
  KA=EXP(MU_3+ETA(3))
  
  TVF1=THETA(4)
  F1=TVF1

  TVQ=EXP(THETA(5))
  MU_4=LOG(TVQ)
  Q=EXP(MU_4+ETA(4))
  
  TVV3=EXP(THETA(6))
  MU_5=LOG(TVV3)
  V3=EXP(MU_5+ETA(5))
  
  S2=V2*624.709/1E6

$ERROR

  IPRED=F
  IRES=DV-IPRED

  DEL=0
  IF (F.EQ.0) DEL=10
  W=F
  IWRES=IRES/(W+DEL)
  Y=F*(1+ERR(1)) 

$THETA  6.0281 ; 1 [CL]
 7.32805 ; 2 [V2]
 (0,0.210945) ; 3 [KA]
 1 FIX ; 4 [F1]
 5.8541 ; 5[Q]
 9.34418 ; 6 [V3]
$SIGMA  0.121418  ; [P] Variance for proportional error
$ESTIMATION METHOD=1 INTERACTION PRINT=1 NOABORT MAXEVAL=9999
;$COV PRINT=E

;Tables for Xpose Diagnostic Plots

;Standard Table file containing ID, IDV, DV, PRED, IPRED,

; STRT, WRES, IWRES, RES, IRES, etc.
$TABLE      ID TIME IPRED EVID MDV CWRES IWRES STRT NOPRINT ONEHEADER
            FILE=sdtab1
;Parameter table containing model parameters - THETAS, ETAS, EPS
$TABLE      ID CL V2 KA F1 Q V3 ETA1 ETA2 ETA3 ETA4 NOPRINT ONEHEADER
            FILE=patab1
;Continuous Covariate table - WT, AGE,...

;$TABLE ID WT HT AGE BMI BSA CRCL NOPRINT ONEHEADER FILE=cotab1

;Categorical covariate table - SEX, RACE,.....

;$TABLE ID PROT SEXF RACE FED NOPRINT ONEHEADER FILE=catab1

 
 
  
 WARNINGS AND ERRORS (IF ANY) FOR PROBLEM    1
             
 (WARNING  2) NM-TRAN INFERS THAT THE DATA ARE POPULATION.
 CREATING MUMODEL ROUTINE...
 
 
License Registered to: Mango Business Solutions Ltd.
Expiration Date:    14 OCT 2012
Current Date:       21 AUG 2012
Days until program expires :  53
1NONLINEAR MIXED EFFECTS MODEL PROGRAM (NONMEM) VERSION 7.1.0
 ORIGINALLY DEVELOPED BY STUART BEAL, LEWIS SHEINER, AND ALISON BOECKMANN
 CURRENT DEVELOPERS ARE ROBERT BAUER, ICON DEVELOPMENT SOLUTIONS,
 AND ALISON BOECKMANN. IMPLEMENTATION, EFFICIENCY, AND STANDARDIZATION
 PERFORMED BY NOUS INFOSYSTEMS.
 
 PROBLEM NO.:         1
 RUN# base_run1                                                          
0DATA CHECKOUT RUN:              NO 
 DATA SET LOCATED ON UNIT NO.:    2
 THIS UNIT TO BE REWOUND:        NO 
 NO. OF DATA RECS IN DATA SET:      902
 NO. OF DATA ITEMS IN DATA SET:  20
 ID DATA ITEM IS DATA ITEM NO.:   1
 DEP VARIABLE IS DATA ITEM NO.:   6
 MDV DATA ITEM IS DATA ITEM NO.:  8
0INDICES PASSED TO SUBROUTINE PRED:
  7  4  5  0  0 10  0  0  0
  0  9
 0LABELS FOR DATA ITEMS:
  ID PERD PROT TIME AMT DV EVID MDV ADDL II FED AGE SEXF WT HT RACE BMI BSA CRCL DOSE
0(NONBLANK) LABELS FOR PRED-DEFINED ITEMS:
 STRT    CL      V2      KA      F1      Q       V3      IPRE    IWRE
0FORMAT FOR DATA:
 (1(10E7.0/),10E7.0)                                                             
 
 TOT. NO. OF OBS RECS:      807
 TOT. NO. OF INDIVIDUALS:     22
0LENGTH OF THETA:  6
0DEFAULT THETA BOUNDARY TEST OMITTED:    NO 
0OMEGA HAS BLOCK FORM:
  1
  0  2
  0  0  3
  0  0  0  4
  0  0  0  0  5
0DEFAULT OMEGA BOUNDARY TEST OMITTED:    NO 
0SIGMA HAS SIMPLE DIAGONAL FORM WITH DIMENSION:  1
0DEFAULT SIGMA BOUNDARY TEST OMITTED:    NO 
0INITIAL ESTIMATE OF THETA:
 LOWER BOUND    INITIAL EST    UPPER BOUND
 -0.1000E+07     0.6028E+01     0.1000E+07
 -0.1000E+07     0.7328E+01     0.1000E+07
  0.0000E+00     0.2109E+00     0.1000E+07
  0.1000E+01     0.1000E+01     0.1000E+01
 -0.1000E+07     0.5854E+01     0.1000E+07
 -0.1000E+07     0.9344E+01     0.1000E+07
0INITIAL ESTIMATE OF OMEGA:
 BLOCK SET NO.   BLOCK                                                                    FIXED
        1                                                                                   NO 
                  0.4033E-01
        2                                                                                   NO 
                  0.6000E-05
        3                                                                                   NO 
                  0.6463E-01
        4                                                                                  YES 
                  0.0000E+00
        5                                                                                  YES 
                  0.0000E+00
0INITIAL ESTIMATE OF SIGMA:
 0.1214E+00
0ESTIMATION STEP OMITTED:           NO 
 CONDITIONAL ESTIMATES USED:       YES 
 CENTERED ETA:                      NO 
 EPS-ETA INTERACTION:              YES 
 LAPLACIAN OBJ. FUNC.:              NO 
 NO. OF FUNCT. EVALS. ALLOWED:       9999
 NO. OF SIG. FIGURES REQUIRED:       3
 INTERMEDIATE PRINTOUT:            YES 
 ESTIMATE OUTPUT TO MSF:            NO 
 ABORT WITH PRED EXIT CODE 1:       NO 
 IND. OBJ. FUNC. VALUES SORTED:     NO 
0TABLES STEP OMITTED:    NO 
 NO. OF TABLES:           2
0-- TABLE  1 --
 PRINTED:                NO 
 HEADERS:               ONE
 FILE TO BE FORWARDED:   NO 
 0USER-CHOSEN ITEMS:
  ID TIME IPRED EVID MDV CWRES IWRES STRT
0-- TABLE  2 --
 PRINTED:                NO 
 HEADERS:               ONE
 FILE TO BE FORWARDED:   NO 
 0USER-CHOSEN ITEMS:
  ID CL V2 KA F1 Q V3 ETA1 ETA2 ETA3 ETA4

 THE FOLLOWING LABELS ARE EQUIVALENT
 PRED=PREDI
 RES=RESI
 WRES=WRESI
1DOUBLE PRECISION PREDPP VERSION 7.1.0
 
 TWO COMPARTMENT MODEL WITH FIRST-ORDER ABSORPTION (ADVAN4)
0MAXIMUM NO. OF BASIC PK PARAMETERS:   5
0BASIC PK PARAMETERS (AFTER TRANSLATION):
   BASIC PK PARAMETER NO.  1: ELIMINATION RATE (K)
   BASIC PK PARAMETER NO.  2: CENTRAL-TO-PERIPH. RATE (K23)
   BASIC PK PARAMETER NO.  3: PERIPH.-TO-CENTRAL RATE (K32)
   BASIC PK PARAMETER NO.  5: ABSORPTION RATE (KA)
 TRANSLATOR WILL CONVERT PARAMETERS 
 CL, V2, Q, V3 TO K, K23, K32 (TRANS4)
0COMPARTMENT ATTRIBUTES 
 COMPT. NO.   FUNCTION   INITIAL    ON/OFF      DOSE      DEFAULT    DEFAULT
                         STATUS     ALLOWED    ALLOWED    FOR DOSE   FOR OBS.
    1         DEPOT        OFF        YES        YES        YES        NO 
    2         CENTRAL      ON         NO         YES        NO         YES
    3         PERIPH.      ON         NO         YES        NO         NO 
    4         OUTPUT       OFF        YES        NO         NO         NO 
1
 ADDITIONAL PK PARAMETERS - ASSIGNMENT OF ROWS IN GG
 COMPT. NO.                             INDICES
              SCALE      BIOAVAIL.   ZERO-ORDER  ZERO-ORDER  ABSORB
                         FRACTION    RATE        DURATION    LAG  
    1           *           6           *           *           *
    2           7           *           *           *           *
    3           *           *           *           *           *
    4           *           -           -           -           -
             - PARAMETER IS NOT ALLOWED FOR THIS MODEL
             * PARAMETER IS NOT SUPPLIED BY PK SUBROUTINE;
               WILL DEFAULT TO ONE IF APPLICABLE
0DATA ITEM INDICES USED BY PRED ARE:
   EVENT ID DATA ITEM IS DATA ITEM NO.:      7
   TIME DATA ITEM IS DATA ITEM NO.:          4
   DOSE AMOUNT DATA ITEM IS DATA ITEM NO.:   5
   INTERVAL DATA ITEM IS DATA ITEM NO.:     10
   ADDL. DOSES DATA ITEM IS DATA ITEM NO.:   9
 
0PK SUBROUTINE CALLED WITH EVERY EVENT RECORD.
 PK SUBROUTINE NOT CALLED AT NONEVENT (ADDITIONAL OR LAGGED) DOSE TIMES.
0ERROR SUBROUTINE CALLED WITH EVERY EVENT RECORD.
1


 #METH: First Order Conditional Estimation with Interaction
 MONITORING OF SEARCH:

0ITERATION NO.:    0    OBJECTIVE VALUE:   4020.17314214816        NO. OF FUNC. EVALS.: 8
 CUMULATIVE NO. OF FUNC. EVALS.:        8
 PARAMETER:  1.0000E-01  1.0000E-01  1.0000E-01  1.0000E-01  1.0000E-01  1.0000E-01  1.0000E-01  1.0000E-01  1.0000E-01
 GRADIENT:   2.7425E+03  6.1269E+02 -1.1268E-01 -1.4726E+03 -1.0179E+02 -1.2214E+00  4.5108E-05 -1.7129E+01 -4.5404E+01
0ITERATION NO.:    1    OBJECTIVE VALUE:   4020.17314214816        NO. OF FUNC. EVALS.:20
 CUMULATIVE NO. OF FUNC. EVALS.:       28
 PARAMETER:  1.0000E-01  1.0000E-01  1.0000E-01  1.0000E-01  1.0000E-01  1.0000E-01  1.0000E-01  1.0000E-01  1.0000E-01
 GRADIENT:  -2.2460E+03  3.0213E+02 -2.8656E-01 -1.9324E+03 -2.4402E+03 -1.2214E+00  4.5108E-05 -1.7129E+01 -4.5570E+01
0ITERATION NO.:    2    OBJECTIVE VALUE:   4019.60323693834        NO. OF FUNC. EVALS.:21
 CUMULATIVE NO. OF FUNC. EVALS.:       49
 PARAMETER:  1.0034E-01  9.9954E-02  1.0000E-01  1.0030E-01  1.0037E-01  1.0000E-01  1.0000E-01  1.0000E-01  1.0001E-01
 GRADIENT:  -1.4062E+03  5.7828E+02  7.1018E+00 -3.3533E+03  6.9809E+03 -1.3907E+00  8.2997E-05 -1.6140E+01 -6.4448E+01
0ITERATION NO.:    3    OBJECTIVE VALUE:   4018.51154901605        NO. OF FUNC. EVALS.:20
 CUMULATIVE NO. OF FUNC. EVALS.:       69
 PARAMETER:  1.0081E-01  9.9870E-02  1.0000E-01  1.0081E-01  1.0041E-01  1.0000E-01  1.0000E-01  1.0001E-01  1.0002E-01
 GRADIENT:   1.2959E+02 -8.5187E+01  4.9495E+00 -3.4375E+02  3.3049E+03 -9.3596E-01 -1.8973E-05 -1.5232E+01 -6.9831E+01
0ITERATION NO.:    4    OBJECTIVE VALUE:   4018.50085080284        NO. OF FUNC. EVALS.:22
 CUMULATIVE NO. OF FUNC. EVALS.:       91
 PARAMETER:  1.0091E-01  9.9960E-02  9.9998E-02  1.0075E-01  1.0039E-01  1.0000E-01  1.0000E-01  1.0001E-01  1.0005E-01
 GRADIENT:   5.3686E+02  1.1745E+02  3.4960E+00 -6.6645E+02  3.1834E+03 -9.3817E-01 -6.6062E-06 -1.5312E+01 -7.0108E+01
0ITERATION NO.:    5    OBJECTIVE VALUE:   4018.49877527744        NO. OF FUNC. EVALS.:22
 CUMULATIVE NO. OF FUNC. EVALS.:      113
 PARAMETER:  1.0089E-01  1.0006E-01  9.9996E-02  1.0079E-01  1.0040E-01  1.0000E-01  1.0000E-01  1.0003E-01  1.0013E-01
 GRADIENT:   4.4790E+02  2.9078E+02  1.1554E+00 -5.5898E+02  3.2066E+03 -9.7645E-01 -1.2439E-05 -1.5242E+01 -7.0571E+01
0ITERATION NO.:    6    OBJECTIVE VALUE:   4017.72960763240        NO. OF FUNC. EVALS.:16
 CUMULATIVE NO. OF FUNC. EVALS.:      129
 PARAMETER:  1.0094E-01  1.0009E-01  9.9813E-02  1.0084E-01  1.0043E-01  1.0024E-01  1.0000E-01  1.0417E-01  1.1696E-01
 GRADIENT:   4.2883E+02  2.5957E+02  1.5503E+00 -5.7819E+02  3.1429E+03 -8.8251E-01  2.1332E-05 -1.4705E+01 -2.7180E+01
0ITERATION NO.:    7    OBJECTIVE VALUE:   4016.57627930656        NO. OF FUNC. EVALS.:15
 CUMULATIVE NO. OF FUNC. EVALS.:      144
 PARAMETER:  1.0089E-01  9.9849E-02  8.4282E-02  1.0064E-01  1.0038E-01  1.1643E-01  1.0000E-01  4.1666E-01  1.1303E-01
 GRADIENT:   4.0086E+02  1.3279E+02 -3.3752E+00 -7.2544E+02  3.2244E+03  1.1641E+00  4.9985E-04  6.2296E+00 -3.4008E+01
0ITERATION NO.:    8    OBJECTIVE VALUE:   4016.53432833340        NO. OF FUNC. EVALS.:16
 CUMULATIVE NO. OF FUNC. EVALS.:      160
 PARAMETER:  1.0088E-01  1.0000E-01  9.7240E-02  1.0068E-01  1.0037E-01  1.1447E-01  9.9998E-02  4.2072E-01  1.1301E-01
 GRADIENT:   3.9658E+02  1.7382E+02 -1.4879E+00 -6.9350E+02  3.1465E+03  1.0073E+00  5.1016E-04  6.3666E+00 -3.3988E+01
0ITERATION NO.:    9    OBJECTIVE VALUE:   4016.45664103441        NO. OF FUNC. EVALS.:15
 CUMULATIVE NO. OF FUNC. EVALS.:      175
 PARAMETER:  1.0087E-01  9.9975E-02  9.5850E-02  1.0067E-01  1.0037E-01  7.3509E-02  9.9961E-02  4.1465E-01  1.1415E-01
 GRADIENT:   3.9139E+02  1.4581E+02 -1.6980E+00 -5.9969E+02  2.8980E+03 -2.0604E+00  5.0230E-04  5.9375E+00 -3.0946E+01
0ITERATION NO.:   10    OBJECTIVE VALUE:   4015.87881977006        NO. OF FUNC. EVALS.:17
 CUMULATIVE NO. OF FUNC. EVALS.:      192
 PARAMETER:  1.0079E-01  1.0010E-01  1.0703E-01  1.0072E-01  1.0030E-01  9.4722E-02  9.9663E-02  3.3993E-01  1.2279E-01
 GRADIENT:   4.7860E+01  5.9245E+00 -2.4004E-01 -3.0758E+01  3.3094E+02 -3.2508E-01  4.3424E-04  1.1575E+00 -4.0266E+00
0ITERATION NO.:   11    OBJECTIVE VALUE:   4015.86349155518        NO. OF FUNC. EVALS.:15
 CUMULATIVE NO. OF FUNC. EVALS.:      207
 PARAMETER:  1.0078E-01  1.0013E-01  1.0848E-01  1.0072E-01  1.0029E-01  9.8916E-02  9.9191E-02  3.2184E-01  1.2411E-01
 GRADIENT:   2.4853E+00 -1.3253E+00  3.5395E-02  1.6783E+00 -5.1211E+00 -1.2604E-02  4.1531E-04 -3.3652E-02  2.2907E-02
0ITERATION NO.:   12    OBJECTIVE VALUE:   4015.86311379861        NO. OF FUNC. EVALS.:30
 CUMULATIVE NO. OF FUNC. EVALS.:      237             RESET HESSIAN, TYPE I
 PARAMETER:  1.0080E-01  1.0013E-01  1.0834E-01  1.0072E-01  1.0029E-01  9.9083E-02  9.8991E-02  3.2236E-01  1.2410E-01
 GRADIENT:   4.8792E+03  3.0782E+02  1.5103E-01  4.4442E+02  2.2265E+03  5.4240E-03  4.1580E-04  2.0332E-03  8.9002E-02
0ITERATION NO.:   13    OBJECTIVE VALUE:   4015.86311379861        NO. OF FUNC. EVALS.:13
 CUMULATIVE NO. OF FUNC. EVALS.:      250
 PARAMETER:  1.0080E-01  1.0013E-01  1.0834E-01  1.0072E-01  1.0029E-01  9.9083E-02  9.8991E-02  3.2236E-01  1.2410E-01
 GRADIENT:   5.4596E+01  2.7643E+00 -3.6179E-02  5.9314E-02 -3.5123E+01  5.4240E-03  4.1580E-04  2.0332E-03 -1.1132E-01
0ITERATION NO.:   14    OBJECTIVE VALUE:   4015.86311190748        NO. OF FUNC. EVALS.:30
 CUMULATIVE NO. OF FUNC. EVALS.:      280             RESET HESSIAN, TYPE I
 PARAMETER:  1.0080E-01  1.0013E-01  1.0842E-01  1.0072E-01  1.0029E-01  9.9046E-02  9.8891E-02  3.2234E-01  1.2413E-01
 GRADIENT:   4.8784E+03  3.0669E+02  1.8429E-01  4.4231E+02  2.2312E+03  2.6566E-03  4.1580E-04  2.3275E-04  1.4380E-01
0ITERATION NO.:   15    OBJECTIVE VALUE:   4015.86311190748        NO. OF FUNC. EVALS.:15
 CUMULATIVE NO. OF FUNC. EVALS.:      295
 PARAMETER:  1.0080E-01  1.0013E-01  1.0842E-01  1.0072E-01  1.0029E-01  9.9046E-02  9.8891E-02  3.2234E-01  1.2413E-01
 GRADIENT:   5.4001E+01  1.6500E+00 -3.0425E-03 -2.0495E+00 -3.0234E+01  2.6566E-03  4.1580E-04  2.3275E-04 -5.6549E-02
0ITERATION NO.:   16    OBJECTIVE VALUE:   4015.86311190748        NO. OF FUNC. EVALS.:23
 CUMULATIVE NO. OF FUNC. EVALS.:      318
 PARAMETER:  1.0080E-01  1.0013E-01  1.0842E-01  1.0072E-01  1.0029E-01  9.9046E-02  9.8891E-02  3.2234E-01  1.2413E-01
 GRADIENT:   2.1904E-01 -3.4839E-01 -3.0221E-03 -4.1014E-01 -2.5413E+00  2.6820E-03  3.4614E-04  2.4867E-04 -5.6544E-02
 Elapsed estimation time in seconds:    24.84

 #TERM:
0MINIMIZATION TERMINATED
 DUE TO ROUNDING ERRORS (ERROR=134)
 NO. OF FUNCTION EVALUATIONS USED:      318
 NO. OF SIG. DIGITS UNREPORTABLE

 ETABAR IS THE ARITHMETIC MEAN OF THE ETA-ESTIMATES,
 AND THE P-VALUE IS GIVEN FOR THE NULL HYPOTHESIS THAT THE TRUE MEAN IS 0.

 ETABAR:         1.2053E-03 -5.5297E-07 -1.3564E-03  0.0000E+00  0.0000E+00
 SE:             4.1432E-02  3.2106E-06  6.1567E-02  0.0000E+00  0.0000E+00

 P VAL.:         9.7679E-01  8.6326E-01  9.8242E-01  1.0000E+00  1.0000E+00

 ETAshrink(%):   8.5918E-01  9.9370E+01  6.9162E+00  1.0000E+02  1.0000E+02
 EPSshrink(%):   1.8440E+00

 #TERE:
1
 
 
 
 
 
 
 
 
 
 
 
 
 
 
 
 
 
 
 
 
 ************************************************************************************************************************
 ********************                                                                                ********************
 ********************               FIRST ORDER CONDITIONAL ESTIMATION WITH INTERACTION              ********************
 #OBJT:**************                       MINIMUM VALUE OF OBJECTIVE FUNCTION                      ********************
 ********************                                                                                ********************
 ************************************************************************************************************************
 





 #OBJV:********************************************     4015.863       **************************************************
1
 ************************************************************************************************************************
 ********************                                                                                ********************
 ********************               FIRST ORDER CONDITIONAL ESTIMATION WITH INTERACTION              ********************
 ********************                             FINAL PARAMETER ESTIMATE                           ********************
 ********************                                                                                ********************
 ************************************************************************************************************************
 


 THETA - VECTOR OF FIXED EFFECTS PARAMETERS   *********


         TH 1      TH 2      TH 3      TH 4      TH 5      TH 6     
 
         6.08E+00  7.34E+00  2.13E-01  1.00E+00  5.90E+00  9.37E+00
 


 OMEGA - COV MATRIX FOR RANDOM EFFECTS - ETAS  ********


            ETA1      ETA2      ETA3      ETA4      ETA5
 
 ETA1
+        4.03E-02
 
 ETA2
+        0.00E+00  5.99E-06
 
 ETA3
+        0.00E+00  0.00E+00  1.01E-01
 
 ETA4
+        0.00E+00  0.00E+00  0.00E+00  0.00E+00
 
 ETA5
+        0.00E+00  0.00E+00  0.00E+00  0.00E+00  0.00E+00
 


 SIGMA - COV MATRIX FOR RANDOM EFFECTS - EPSILONS  ****


            EPS1
 
 EPS1
+        1.27E-01
 
1THERE ARE ERROR MESSAGES IN FILE PRDERR                                                                  
Tue Aug 21 16:08:16 BST 2012
This file was created using /usr/global/NONMEM7/run/nmfe7
Started  Tue Aug 21 16:07:49 2012
Finished Tue Aug 21 16:08:16 2012
