Fri Aug 10 14:36:09 BST 2012
gfortran
;Model Desc: MK-0634 PopPK Base Model, 2-compartment, with exponential IIV on CL and V2
;Project Name: MK-0634 Population PK Analysis
;Project ID: NO PROJECT DESCRIPTION
$PROBLEM    RUN# base_run1
$INPUT      ID PERD PROT TIME AMT DV EVID MDV ADDL II FED AGE=DROP
            SEXF=DROP WT=DROP HT=DROP RACE=DROP BMI BSA=DROP CRCL=DROP
            DOSE
$DATA       simu_rich_2.csv IGNORE=@
$SUBROUTINE ADVAN4 TRANS4
$OMEGA  DIAGONAL(5)
 0.0403288  ; [P] INTERIND VAR IN CL
 6E-06  ; [P] INTERIND VAR IN V2
 0.0646326  ; [P] INTERIND VAR IN KA
 0  FIX  ; [P] INTERIND VAR IN Q
 0  FIX  ; [P] INTERIND VAR IN V3
$PK

;;; V2BMI-DEFINITION START
V2BMI = ( 1 + THETA(7)*(BMI - 26.73))
;;; V2BMI-DEFINITION END

;;; V2-RELATION START
V2COV=V2BMI
;;; V2-RELATION END


; Insert stratification variable (STRT) variable for VPC
; Typically stratify on dose, dosing regimen, protocol, ....
; For no stratification, set STRT=Constant
  STRT=PROT*1000+DOSE

  TVCL=EXP(THETA(1))  
  MU_1=LOG(TVCL)
  CL=EXP(MU_1+ETA(1))
  
  TVV2=EXP(THETA(2))

TVV2 = V2COV*TVV2
  MU_2=LOG(TVV2)
  V2=EXP(MU_2+ETA(2))

  TVKA=THETA(3)
  MU_3=LOG(TVKA)
  KA=EXP(MU_3+ETA(3))
  
  TVF1=THETA(4)
  F1=TVF1

  TVQ=EXP(THETA(5))
  MU_4=LOG(TVQ)
  Q=EXP(MU_4+ETA(4))
  
  TVV3=EXP(THETA(6))
  MU_5=LOG(TVV3)
  V3=EXP(MU_5+ETA(5))
  
  S2=V2*624.709/1E6

$ERROR

  IPRED=F
  IRES=DV-IPRED

  DEL=0
  IF (F.EQ.0) DEL=10
  W=F
  IWRES=IRES/(W+DEL)
  Y=F*(1+ERR(1)) 

$THETA  6.0281 ; 1 [CL]
 7.32805 ; 2 [V2]
 (0,0.210945) ; 3 [KA]
 1 FIX ; 4 [F1]
 5.8541 ; 5[Q]
 9.34418 ; 6 [V3]
$THETA  (-0.166,-0.000166,0.185) ; V2BMI1
$SIGMA  0.121418  ; [P] Variance for proportional error
$ESTIMATION METHOD=1 INTERACTION PRINT=1 NOABORT MAXEVAL=9999
;$COV PRINT=E

;Tables for Xpose Diagnostic Plots

;Standard Table file containing ID, IDV, DV, PRED, IPRED,

; STRT, WRES, IWRES, RES, IRES, etc.
$TABLE      ID TIME IPRED EVID MDV CWRES IWRES STRT NOPRINT ONEHEADER
            FILE=V2BMI2.mod.sdtab1
;Parameter table containing model parameters - THETAS, ETAS, EPS
$TABLE      ID CL V2 KA F1 Q V3 ETA1 ETA2 ETA3 ETA4 NOPRINT ONEHEADER
            FILE=V2BMI2.mod.patab1
;Continuous Covariate table - WT, AGE,...

;$TABLE ID WT HT AGE BMI BSA CRCL NOPRINT ONEHEADER FILE=cotab1

;Categorical covariate table - SEX, RACE,.....

;$TABLE ID PROT SEXF RACE FED NOPRINT ONEHEADER FILE=catab1

 
 
  
 WARNINGS AND ERRORS (IF ANY) FOR PROBLEM    1
             
 (WARNING  2) NM-TRAN INFERS THAT THE DATA ARE POPULATION.
 CREATING MUMODEL ROUTINE...
 
 
License Registered to: Mango Business Solutions Ltd.
Expiration Date:    14 OCT 2012
Current Date:       10 AUG 2012
Days until program expires :  64
1NONLINEAR MIXED EFFECTS MODEL PROGRAM (NONMEM) VERSION 7.1.0
 ORIGINALLY DEVELOPED BY STUART BEAL, LEWIS SHEINER, AND ALISON BOECKMANN
 CURRENT DEVELOPERS ARE ROBERT BAUER, ICON DEVELOPMENT SOLUTIONS,
 AND ALISON BOECKMANN. IMPLEMENTATION, EFFICIENCY, AND STANDARDIZATION
 PERFORMED BY NOUS INFOSYSTEMS.
 
 PROBLEM NO.:         1
 RUN# base_run1                                                          
0DATA CHECKOUT RUN:              NO 
 DATA SET LOCATED ON UNIT NO.:    2
 THIS UNIT TO BE REWOUND:        NO 
 NO. OF DATA RECS IN DATA SET:      856
 NO. OF DATA ITEMS IN DATA SET:  13
 ID DATA ITEM IS DATA ITEM NO.:   1
 DEP VARIABLE IS DATA ITEM NO.:   6
 MDV DATA ITEM IS DATA ITEM NO.:  8
0INDICES PASSED TO SUBROUTINE PRED:
  7  4  5  0  0 10  0  0  0
  0  9
 0LABELS FOR DATA ITEMS:
  ID PERD PROT TIME AMT DV EVID MDV ADDL II FED BMI DOSE
0(NONBLANK) LABELS FOR PRED-DEFINED ITEMS:
 STRT    CL      V2      KA      F1      Q       V3      IPRE    IWRE
0FORMAT FOR DATA:
 (E5.0,2E2.0,2E4.0,E7.0,3E2.0,E3.0,E2.0,E6.0,E4.0)                               
 
 TOT. NO. OF OBS RECS:      767
 TOT. NO. OF INDIVIDUALS:     22
0LENGTH OF THETA:  7
0DEFAULT THETA BOUNDARY TEST OMITTED:    NO 
0OMEGA HAS BLOCK FORM:
  1
  0  2
  0  0  3
  0  0  0  4
  0  0  0  0  5
0DEFAULT OMEGA BOUNDARY TEST OMITTED:    NO 
0SIGMA HAS SIMPLE DIAGONAL FORM WITH DIMENSION:  1
0DEFAULT SIGMA BOUNDARY TEST OMITTED:    NO 
0INITIAL ESTIMATE OF THETA:
 LOWER BOUND    INITIAL EST    UPPER BOUND
 -0.1000E+07     0.6028E+01     0.1000E+07
 -0.1000E+07     0.7328E+01     0.1000E+07
  0.0000E+00     0.2109E+00     0.1000E+07
  0.1000E+01     0.1000E+01     0.1000E+01
 -0.1000E+07     0.5854E+01     0.1000E+07
 -0.1000E+07     0.9344E+01     0.1000E+07
 -0.1660E+00    -0.1660E-03     0.1850E+00
0INITIAL ESTIMATE OF OMEGA:
 BLOCK SET NO.   BLOCK                                                                    FIXED
        1                                                                                   NO 
                  0.4033E-01
        2                                                                                   NO 
                  0.6000E-05
        3                                                                                   NO 
                  0.6463E-01
        4                                                                                  YES 
                  0.0000E+00
        5                                                                                  YES 
                  0.0000E+00
0INITIAL ESTIMATE OF SIGMA:
 0.1214E+00
0ESTIMATION STEP OMITTED:           NO 
 CONDITIONAL ESTIMATES USED:       YES 
 CENTERED ETA:                      NO 
 EPS-ETA INTERACTION:              YES 
 LAPLACIAN OBJ. FUNC.:              NO 
 NO. OF FUNCT. EVALS. ALLOWED:       9999
 NO. OF SIG. FIGURES REQUIRED:       3
 INTERMEDIATE PRINTOUT:            YES 
 ESTIMATE OUTPUT TO MSF:            NO 
 ABORT WITH PRED EXIT CODE 1:       NO 
 IND. OBJ. FUNC. VALUES SORTED:     NO 
0TABLES STEP OMITTED:    NO 
 NO. OF TABLES:           2
0-- TABLE  1 --
 PRINTED:                NO 
 HEADER:                YES 
 FILE TO BE FORWARDED:   NO 
 0USER-CHOSEN ITEMS:
  ID TIME IPRED EVID MDV CWRES IWRES STRT
0-- TABLE  2 --
 PRINTED:                NO 
 HEADER:                YES 
 FILE TO BE FORWARDED:   NO 
 0USER-CHOSEN ITEMS:
  ID CL V2 KA F1 Q V3 ETA1 ETA2 ETA3 ETA4

 THE FOLLOWING LABELS ARE EQUIVALENT
 PRED=PREDI
 RES=RESI
 WRES=WRESI
1DOUBLE PRECISION PREDPP VERSION 7.1.0
 
 TWO COMPARTMENT MODEL WITH FIRST-ORDER ABSORPTION (ADVAN4)
0MAXIMUM NO. OF BASIC PK PARAMETERS:   5
0BASIC PK PARAMETERS (AFTER TRANSLATION):
   BASIC PK PARAMETER NO.  1: ELIMINATION RATE (K)
   BASIC PK PARAMETER NO.  2: CENTRAL-TO-PERIPH. RATE (K23)
   BASIC PK PARAMETER NO.  3: PERIPH.-TO-CENTRAL RATE (K32)
   BASIC PK PARAMETER NO.  5: ABSORPTION RATE (KA)
 TRANSLATOR WILL CONVERT PARAMETERS 
 CL, V2, Q, V3 TO K, K23, K32 (TRANS4)
0COMPARTMENT ATTRIBUTES 
 COMPT. NO.   FUNCTION   INITIAL    ON/OFF      DOSE      DEFAULT    DEFAULT
                         STATUS     ALLOWED    ALLOWED    FOR DOSE   FOR OBS.
    1         DEPOT        OFF        YES        YES        YES        NO 
    2         CENTRAL      ON         NO         YES        NO         YES
    3         PERIPH.      ON         NO         YES        NO         NO 
    4         OUTPUT       OFF        YES        NO         NO         NO 
1
 ADDITIONAL PK PARAMETERS - ASSIGNMENT OF ROWS IN GG
 COMPT. NO.                             INDICES
              SCALE      BIOAVAIL.   ZERO-ORDER  ZERO-ORDER  ABSORB
                         FRACTION    RATE        DURATION    LAG  
    1           *           6           *           *           *
    2           7           *           *           *           *
    3           *           *           *           *           *
    4           *           -           -           -           -
             - PARAMETER IS NOT ALLOWED FOR THIS MODEL
             * PARAMETER IS NOT SUPPLIED BY PK SUBROUTINE;
               WILL DEFAULT TO ONE IF APPLICABLE
0DATA ITEM INDICES USED BY PRED ARE:
   EVENT ID DATA ITEM IS DATA ITEM NO.:      7
   TIME DATA ITEM IS DATA ITEM NO.:          4
   DOSE AMOUNT DATA ITEM IS DATA ITEM NO.:   5
   INTERVAL DATA ITEM IS DATA ITEM NO.:     10
   ADDL. DOSES DATA ITEM IS DATA ITEM NO.:   9
 
0PK SUBROUTINE CALLED WITH EVERY EVENT RECORD.
 PK SUBROUTINE NOT CALLED AT NONEVENT (ADDITIONAL OR LAGGED) DOSE TIMES.
0ERROR SUBROUTINE CALLED WITH EVERY EVENT RECORD.
1


 #METH: First Order Conditional Estimation with Interaction
 MONITORING OF SEARCH:

0ITERATION NO.:    0    OBJECTIVE VALUE:   3762.89761979751        NO. OF FUNC. EVALS.: 9
 CUMULATIVE NO. OF FUNC. EVALS.:        9
 PARAMETER:  1.0000E-01  1.0000E-01  1.0000E-01  1.0000E-01  1.0000E-01  1.0000E-01  1.0000E-01  1.0000E-01  1.0000E-01  1.0000E-01

 GRADIENT:   4.7826E+03  3.0931E+02  1.9168E-01  4.5422E+02  2.2326E+03  1.6069E+01 -4.5991E-03  1.5539E-04  2.2380E-02  2.2078E-01

0ITERATION NO.:    1    OBJECTIVE VALUE:   3762.89761979751        NO. OF FUNC. EVALS.:23
 CUMULATIVE NO. OF FUNC. EVALS.:       32
 PARAMETER:  1.0000E-01  1.0000E-01  1.0000E-01  1.0000E-01  1.0000E-01  1.0000E-01  1.0000E-01  1.0000E-01  1.0000E-01  1.0000E-01

 GRADIENT:  -7.0454E+00 -1.7296E+00  1.8965E-02  5.1142E-01  8.4295E+00  1.6063E+01 -4.5991E-03  1.5539E-04  2.2380E-02  6.7391E-02

0ITERATION NO.:    2    OBJECTIVE VALUE:   3758.92304834002        NO. OF FUNC. EVALS.:37
 CUMULATIVE NO. OF FUNC. EVALS.:       69             RESET HESSIAN, TYPE I
 PARAMETER:  1.0001E-01  1.0000E-01  9.9977E-02  1.0000E-01  9.9999E-02 -5.0000E-01  1.0004E-01  9.9871E-02  9.9744E-02  9.9983E-02

 GRADIENT:   4.8973E+03 -1.9014E+02  3.5991E+00  4.0617E+02  3.1672E+03 -1.9508E+00 -3.3704E-01  7.7662E-04  4.3833E+00  2.1233E+00

0ITERATION NO.:    3    OBJECTIVE VALUE:   3758.92304834002        NO. OF FUNC. EVALS.:21
 CUMULATIVE NO. OF FUNC. EVALS.:       90
 PARAMETER:  1.0001E-01  1.0000E-01  9.9977E-02  1.0000E-01  9.9999E-02 -5.0000E-01  1.0004E-01  9.9871E-02  9.9744E-02  9.9983E-02

 GRADIENT:   1.0795E+02 -5.0166E+02  3.4252E+00 -4.5817E+01  9.6466E+02 -1.9700E+00 -3.3704E-01  7.7662E-04  4.3833E+00  1.9701E+00

0ITERATION NO.:    4    OBJECTIVE VALUE:   3758.65243495419        NO. OF FUNC. EVALS.:17
 CUMULATIVE NO. OF FUNC. EVALS.:      107
 PARAMETER:  1.0012E-01  1.0024E-01  9.4193E-02  1.0001E-01  9.9980E-02 -4.2851E-01  1.0403E-01  9.9076E-02  3.0260E-02  9.9284E-02

 GRADIENT:   4.9299E+02  1.1969E+02 -5.2773E+00 -2.5896E+01  1.9375E+02  3.4579E-01 -1.0828E-01  6.6684E-04  7.0844E-01 -1.1785E+00

0ITERATION NO.:    5    OBJECTIVE VALUE:   3758.59987029478        NO. OF FUNC. EVALS.:17
 CUMULATIVE NO. OF FUNC. EVALS.:      124
 PARAMETER:  1.0004E-01  1.0023E-01  1.0102E-01  1.0002E-01  9.9974E-02 -4.5247E-01  1.0557E-01  9.8414E-02  1.2810E-02  9.9556E-02

 GRADIENT:   2.4174E+02 -9.8125E+01 -1.0877E+00  1.8732E+01  1.7608E+02 -2.8195E-01 -7.8323E-03  6.5123E-04 -1.1049E-01  6.1184E-01

0ITERATION NO.:    6    OBJECTIVE VALUE:   3758.58325509203        NO. OF FUNC. EVALS.:17
 CUMULATIVE NO. OF FUNC. EVALS.:      141
 PARAMETER:  9.9946E-02  1.0035E-01  1.0845E-01  1.0002E-01  9.9964E-02 -4.5488E-01  1.0637E-01  9.6405E-02  1.1146E-02  9.9075E-02

 GRADIENT:  -9.7872E+01 -3.4868E+01  5.3206E-02 -6.4622E+01  3.6385E+02 -2.2887E-01  2.8439E-02  6.5217E-04 -2.6522E-01  3.2192E-01

0ITERATION NO.:    7    OBJECTIVE VALUE:   3758.57718256850        NO. OF FUNC. EVALS.:17
 CUMULATIVE NO. OF FUNC. EVALS.:      158
 PARAMETER:  9.9955E-02  1.0037E-01  1.1009E-01  1.0003E-01  9.9953E-02 -4.4487E-01  1.0616E-01  9.5452E-02  1.5511E-02  9.8959E-02

 GRADIENT:  -5.4527E+01 -5.0786E+01  8.4322E-02  5.7939E+01 -2.9074E+01  5.7201E-02  6.3434E-02  6.5299E-04 -1.0257E-01  4.1636E-01

0ITERATION NO.:    8    OBJECTIVE VALUE:   3758.57521840249        NO. OF FUNC. EVALS.:17
 CUMULATIVE NO. OF FUNC. EVALS.:      175
 PARAMETER:  9.9962E-02  1.0040E-01  1.1054E-01  1.0002E-01  9.9951E-02 -4.4434E-01  1.0527E-01  9.4463E-02  1.8012E-02  9.8786E-02

 GRADIENT:  -2.1726E+01 -6.0224E+00 -2.3241E-01  1.3364E-02  2.3386E+01  9.0543E-02  6.7137E-03  6.5680E-04  8.9229E-03 -1.0668E-01

0ITERATION NO.:    9    OBJECTIVE VALUE:   3758.57432052599        NO. OF FUNC. EVALS.:17
 CUMULATIVE NO. OF FUNC. EVALS.:      192
 PARAMETER:  9.9966E-02  1.0043E-01  1.1194E-01  1.0002E-01  9.9945E-02 -4.4936E-01  1.0471E-01  9.2052E-02  1.8324E-02  9.8751E-02

 GRADIENT:  -1.4035E+00  9.8605E+00 -2.0394E-01 -9.3541E+00 -4.4333E+01 -1.5663E-02 -2.3310E-02  6.5698E-04  1.7483E-02 -1.2641E-01

0ITERATION NO.:   10    OBJECTIVE VALUE:   3758.57427498116        NO. OF FUNC. EVALS.:17
 CUMULATIVE NO. OF FUNC. EVALS.:      209
 PARAMETER:  9.9967E-02  1.0042E-01  1.1198E-01  1.0002E-01  9.9947E-02 -4.4812E-01  1.0501E-01  9.1749E-02  1.7934E-02  9.8797E-02

 GRADIENT:  -6.9361E-01 -1.9096E+00  2.4238E-02 -1.3979E+01 -6.5323E+00  9.0390E-03 -4.9601E-03  6.5558E-04 -1.5505E-03 -5.2813E-02

0ITERATION NO.:   11    OBJECTIVE VALUE:   3758.57383906667        NO. OF FUNC. EVALS.:33
 CUMULATIVE NO. OF FUNC. EVALS.:      242             RESET HESSIAN, TYPE I
 PARAMETER:  9.9981E-02  1.0042E-01  1.1194E-01  1.0002E-01  9.9946E-02 -4.4856E-01  1.0507E-01  9.1549E-02  1.7966E-02  9.8818E-02

 GRADIENT:   4.8841E+03  3.2638E+02  1.4344E-01  4.4970E+02  2.1992E+03  1.6489E-02  8.1627E-03  6.5526E-04  1.6563E-03  3.1549E-02

0ITERATION NO.:   12    OBJECTIVE VALUE:   3758.57383906667        NO. OF FUNC. EVALS.:15
 CUMULATIVE NO. OF FUNC. EVALS.:      257
 PARAMETER:  9.9981E-02  1.0042E-01  1.1194E-01  1.0002E-01  9.9946E-02 -4.4856E-01  1.0507E-01  9.1549E-02  1.7966E-02  9.8818E-02

 GRADIENT:   5.3689E+01 -1.2174E+00 -4.9180E-02 -1.5990E+00 -5.5949E+01 -2.3765E-03  8.1627E-03  6.5526E-04  1.6563E-03 -1.2186E-01

0ITERATION NO.:   13    OBJECTIVE VALUE:   3758.57383811376        NO. OF FUNC. EVALS.:18
 CUMULATIVE NO. OF FUNC. EVALS.:      275
 PARAMETER:  9.9981E-02  1.0042E-01  1.1197E-01  1.0002E-01  9.9947E-02 -4.4848E-01  1.0503E-01  9.1449E-02  1.7953E-02  9.8837E-02

 GRADIENT:   5.0388E+01  1.0675E+00 -2.8691E-02 -8.6930E+00 -2.5657E+01 -9.1283E-04  2.1096E-03  6.5518E-04  1.8054E-03 -1.1079E-01

0ITERATION NO.:   14    OBJECTIVE VALUE:   3758.57382545681        NO. OF FUNC. EVALS.:32
 CUMULATIVE NO. OF FUNC. EVALS.:      307             RESET HESSIAN, TYPE I
 PARAMETER:  9.9982E-02  1.0042E-01  1.1202E-01  1.0002E-01  9.9947E-02 -4.4845E-01  1.0500E-01  8.9702E-02  1.7918E-02  9.8882E-02

 GRADIENT:   4.8831E+03  3.2723E+02  1.7308E-01  4.4842E+02  2.2180E+03  1.8969E-02  8.6791E-04  6.5273E-04 -2.2728E-05  1.4367E-01

0ITERATION NO.:   15    OBJECTIVE VALUE:   3758.57382545681        NO. OF FUNC. EVALS.:15
 CUMULATIVE NO. OF FUNC. EVALS.:      322
 PARAMETER:  9.9982E-02  1.0042E-01  1.1202E-01  1.0002E-01  9.9947E-02 -4.4845E-01  1.0500E-01  8.9702E-02  1.7918E-02  9.8882E-02

 GRADIENT:   5.3302E+01 -3.8924E-01 -1.9676E-02 -2.8346E+00 -3.6518E+01  1.0471E-04  8.6791E-04  6.5273E-04 -2.2728E-05 -9.7306E-03

0ITERATION NO.:   16    OBJECTIVE VALUE:   3758.57382114380        NO. OF FUNC. EVALS.:32
 CUMULATIVE NO. OF FUNC. EVALS.:      354             RESET HESSIAN, TYPE I
 PARAMETER:  9.9982E-02  1.0042E-01  1.1205E-01  1.0002E-01  9.9947E-02 -4.4845E-01  1.0499E-01  8.0744E-02  1.7919E-02  9.8885E-02

 GRADIENT:   4.8831E+03  3.2923E+02  1.7202E-01  4.4532E+02  2.2289E+03  1.9394E-02 -9.4668E-04  6.4119E-04  1.4442E-04  1.3374E-01

0ITERATION NO.:   17    OBJECTIVE VALUE:   3758.57382114380        NO. OF FUNC. EVALS.:15
 CUMULATIVE NO. OF FUNC. EVALS.:      369
 PARAMETER:  9.9982E-02  1.0042E-01  1.1205E-01  1.0002E-01  9.9947E-02 -4.4845E-01  1.0499E-01  8.0744E-02  1.7919E-02  9.8885E-02

 GRADIENT:   5.3503E+01  1.5592E+00 -2.0798E-02 -5.9422E+00 -2.5247E+01  5.2720E-04 -9.4668E-04  6.4119E-04  1.4442E-04 -1.9660E-02

0ITERATION NO.:   18    OBJECTIVE VALUE:   3758.57381002816        NO. OF FUNC. EVALS.:33
 CUMULATIVE NO. OF FUNC. EVALS.:      402             RESET HESSIAN, TYPE I
 PARAMETER:  9.9982E-02  1.0043E-01  1.1212E-01  1.0002E-01  9.9947E-02 -4.4849E-01  1.0502E-01  6.8725E-02  1.7915E-02  9.8901E-02

 GRADIENT:   4.8837E+03  3.2704E+02  1.8821E-01  4.5312E+02  2.2174E+03  1.8263E-02  1.4736E-03  6.2585E-04 -1.3033E-04  1.7283E-01

0ITERATION NO.:   19    OBJECTIVE VALUE:   3758.57381002816        NO. OF FUNC. EVALS.:19
 CUMULATIVE NO. OF FUNC. EVALS.:      421
 PARAMETER:  9.9982E-02  1.0043E-01  1.1212E-01  1.0002E-01  9.9947E-02 -4.4849E-01  1.0502E-01  6.8725E-02  1.7915E-02  9.8901E-02

 GRADIENT:   5.3999E+01 -6.1613E-01 -4.7151E-03  1.8890E+00 -3.7238E+01 -6.0507E-04  1.4736E-03  6.2585E-04 -1.3033E-04  1.9431E-02

0ITERATION NO.:   20    OBJECTIVE VALUE:   3758.57380967239        NO. OF FUNC. EVALS.:34
 CUMULATIVE NO. OF FUNC. EVALS.:      455             RESET HESSIAN, TYPE I
 PARAMETER:  9.9982E-02  1.0043E-01  1.1212E-01  1.0002E-01  9.9947E-02 -4.4849E-01  1.0501E-01  6.8502E-02  1.7916E-02  9.8899E-02

 GRADIENT:   4.8836E+03  3.2784E+02  1.8580E-01  4.5141E+02  2.2214E+03  1.8599E-02  9.0238E-04  6.2559E-04 -9.9278E-05  1.6423E-01

0ITERATION NO.:   21    OBJECTIVE VALUE:   3758.57380967239        NO. OF FUNC. EVALS.:17
 CUMULATIVE NO. OF FUNC. EVALS.:      472
 PARAMETER:  9.9982E-02  1.0043E-01  1.1212E-01  1.0002E-01  9.9947E-02 -4.4849E-01  1.0501E-01  6.8502E-02  1.7916E-02  9.8899E-02

 GRADIENT:   5.3936E+01  1.6661E-01 -7.1272E-03  1.7273E-01 -3.3156E+01 -2.6981E-04  9.0238E-04  6.2559E-04 -9.9278E-05  1.0831E-02

0ITERATION NO.:   22    OBJECTIVE VALUE:   3758.57380945415        NO. OF FUNC. EVALS.:32
 CUMULATIVE NO. OF FUNC. EVALS.:      504             RESET HESSIAN, TYPE I
 PARAMETER:  9.9982E-02  1.0043E-01  1.1213E-01  1.0002E-01  9.9948E-02 -4.4848E-01  1.0501E-01  6.6854E-02  1.7917E-02  9.8897E-02

 GRADIENT:   4.8835E+03  3.2896E+02  1.8306E-01  4.4909E+02  2.2269E+03  1.9045E-02  9.6907E-05  6.2357E-04 -9.2593E-05  1.5251E-01

0ITERATION NO.:   23    OBJECTIVE VALUE:   3758.57380945415        NO. OF FUNC. EVALS.:17
 CUMULATIVE NO. OF FUNC. EVALS.:      521
 PARAMETER:  9.9982E-02  1.0043E-01  1.1213E-01  1.0002E-01  9.9948E-02 -4.4848E-01  1.0501E-01  6.6854E-02  1.7917E-02  9.8897E-02

 GRADIENT:   5.3850E+01  1.2607E+00 -9.8835E-03 -2.1544E+00 -2.7472E+01  1.7557E-04  9.6907E-05  6.2357E-04 -9.2593E-05 -8.8974E-04

0ITERATION NO.:   24    OBJECTIVE VALUE:   3758.57380945221        NO. OF FUNC. EVALS.:33
 CUMULATIVE NO. OF FUNC. EVALS.:      554             RESET HESSIAN, TYPE I
 PARAMETER:  9.9982E-02  1.0043E-01  1.1215E-01  1.0002E-01  9.9948E-02 -4.4849E-01  1.0501E-01  6.6654E-02  1.7917E-02  9.8898E-02

 GRADIENT:   4.8834E+03  3.2931E+02  1.8456E-01  4.4873E+02  2.2284E+03  1.9094E-02 -6.9748E-05  6.2333E-04 -1.1675E-04  1.5049E-01

0ITERATION NO.:   25    OBJECTIVE VALUE:   3758.57380945221        NO. OF FUNC. EVALS.:15
 CUMULATIVE NO. OF FUNC. EVALS.:      569
 PARAMETER:  9.9982E-02  1.0043E-01  1.1215E-01  1.0002E-01  9.9948E-02 -4.4849E-01  1.0501E-01  6.6654E-02  1.7917E-02  9.8898E-02

 GRADIENT:   5.3849E+01  1.5926E+00 -8.4114E-03 -2.5135E+00 -2.5973E+01  2.2340E-04 -6.9748E-05  6.2333E-04 -1.1675E-04 -2.9121E-03

0ITERATION NO.:   26    OBJECTIVE VALUE:   3758.57380705754        NO. OF FUNC. EVALS.:33
 CUMULATIVE NO. OF FUNC. EVALS.:      602             RESET HESSIAN, TYPE I
 PARAMETER:  9.9982E-02  1.0043E-01  1.1220E-01  1.0002E-01  9.9948E-02 -4.4853E-01  1.0501E-01  6.5854E-02  1.7928E-02  9.8902E-02

 GRADIENT:   4.8836E+03  3.2902E+02  1.9269E-01  4.5105E+02  2.2250E+03  1.8590E-02  4.7195E-04  6.2234E-04  1.5052E-04  1.6104E-01

0ITERATION NO.:   27    OBJECTIVE VALUE:   3758.57380705754        NO. OF FUNC. EVALS.:17
 CUMULATIVE NO. OF FUNC. EVALS.:      619
 PARAMETER:  9.9982E-02  1.0043E-01  1.1220E-01  1.0002E-01  9.9948E-02 -4.4853E-01  1.0501E-01  6.5854E-02  1.7928E-02  9.8902E-02

 GRADIENT:   5.3965E+01  1.2861E+00 -3.6713E-04 -1.7424E-01 -2.9478E+01 -2.8312E-04  4.7195E-04  6.2234E-04  1.5052E-04  7.6374E-03

0ITERATION NO.:   28    OBJECTIVE VALUE:   3758.57380705754        NO. OF FUNC. EVALS.:25
 CUMULATIVE NO. OF FUNC. EVALS.:      644
 PARAMETER:  9.9982E-02  1.0043E-01  1.1220E-01  1.0002E-01  9.9948E-02 -4.4853E-01  1.0501E-01  6.5854E-02  1.7928E-02  9.8902E-02

 GRADIENT:   7.7556E-02 -7.0862E-01 -3.7393E-04  1.5361E+00 -3.0027E+00 -2.8741E-04  4.1319E-04  5.8312E-04  1.0902E-04  7.6583E-03

 Elapsed estimation time in seconds:   204.12

 #TERM:
0MINIMIZATION TERMINATED
 DUE TO ROUNDING ERRORS (ERROR=134)
 NO. OF FUNCTION EVALUATIONS USED:      644
 NO. OF SIG. DIGITS UNREPORTABLE

 ETABAR IS THE ARITHMETIC MEAN OF THE ETA-ESTIMATES,
 AND THE P-VALUE IS GIVEN FOR THE NULL HYPOTHESIS THAT THE TRUE MEAN IS 0.

 ETABAR:         1.0891E-03 -4.3502E-07 -8.1344E-04  0.0000E+00  0.0000E+00
 SE:             4.1648E-02  3.0507E-06  4.2754E-02  0.0000E+00  0.0000E+00

 P VAL.:         9.7914E-01  8.8661E-01  9.8482E-01  1.0000E+00  1.0000E+00

 ETAshrink(%):   9.3530E-01  9.9381E+01  1.2360E+01  1.0000E+02  1.0000E+02
 EPSshrink(%):   1.8597E+00

 #TERE:
1
 
 
 
 
 
 
 
 
 
 
 
 
 
 
 
 
 
 
 
 
 ************************************************************************************************************************
 ********************                                                                                ********************
 ********************               FIRST ORDER CONDITIONAL ESTIMATION WITH INTERACTION              ********************
 #OBJT:**************                       MINIMUM VALUE OF OBJECTIVE FUNCTION                      ********************
 ********************                                                                                ********************
 ************************************************************************************************************************
 





 #OBJV:********************************************     3758.574       **************************************************
1
 ************************************************************************************************************************
 ********************                                                                                ********************
 ********************               FIRST ORDER CONDITIONAL ESTIMATION WITH INTERACTION              ********************
 ********************                             FINAL PARAMETER ESTIMATE                           ********************
 ********************                                                                                ********************
 ************************************************************************************************************************
 


 THETA - VECTOR OF FIXED EFFECTS PARAMETERS   *********


         TH 1      TH 2      TH 3      TH 4      TH 5      TH 6      TH 7     
 
         6.03E+00  7.36E+00  2.14E-01  1.00E+00  5.86E+00  9.34E+00 -4.63E-02
 


 OMEGA - COV MATRIX FOR RANDOM EFFECTS - ETAS  ********


            ETA1      ETA2      ETA3      ETA4      ETA5
 
 ETA1
+        4.07E-02
 
 ETA2
+        0.00E+00  5.60E-06
 
 ETA3
+        0.00E+00  0.00E+00  5.48E-02
 
 ETA4
+        0.00E+00  0.00E+00  0.00E+00  0.00E+00
 
 ETA5
+        0.00E+00  0.00E+00  0.00E+00  0.00E+00  0.00E+00
 


 SIGMA - COV MATRIX FOR RANDOM EFFECTS - EPSILONS  ****


            EPS1
 
 EPS1
+        1.21E-01
 
Fri Aug 10 14:39:44 BST 2012
This file was created using /usr/global/NONMEM7/run/nmfe7
Started  Fri Aug 10 14:36:05 2012
Finished Fri Aug 10 14:39:44 2012
